// Jest Snapshot v1, https://goo.gl/fbAQLP

exports[`Chart component renders correctly 1`] = `ShallowWrapper {}`;
